ssh  example.com 'bash -se' << \EOF-SPATIE-SSH
whoami
EOF-SPATIE-SSH