sshpass -p 'wrong_password' ssh -p 22 user@example.com 'bash -se' << \EOF-SPATIE-SSH
whoami
EOF-SPATIE-SSH